Processing m5stack (platform: espressif32; board: m5stack-core-esp32; framework: arduino; upload_speed: 115200; monitor_speed: 115200; build_flags: -DCORE_DEBUG_LEVEL=0, -Os; lib_deps: m5stack/M5Stack @ ^0.4.6, adafruit/Adafruit MAX31855 library @ ^1.1.2)
--------------------------------------------------------------------------------
CONFIGURATION: https://docs.platformio.org/page/boards/espressif32/m5stack-core-esp32.html
PLATFORM: Espressif 32 (6.12.0) > M5Stack Core ESP32
HARDWARE: ESP32 240MHz, 320KB RAM, 4MB Flash
DEBUG: Current (cmsis-dap) External (cmsis-dap, esp-bridge, esp-prog, iot-bus-jtag, jlink, minimodule, olimex-arm-usb-ocd, olimex-arm-usb-ocd-h, olimex-arm-usb-tiny-h, olimex-jtag-tiny, tumpa)
PACKAGES: 
 - framework-arduinoespressif32 @ 3.20017.241212+sha.dcc1105b 
 - tool-esptoolpy @ 2.40900.250804 (4.9.0) 
 - toolchain-xtensa-esp32 @ 8.4.0+2021r2-patch5
LDF: Library Dependency Finder -> https://bit.ly/configure-pio-ldf
LDF Modes: Finder ~ chain, Compatibility ~ soft
Found 37 compatible libraries
Scanning dependencies...
Dependency Graph
|-- M5Stack @ 0.4.6 (License: Unknown, Path: C:\gemini\Simple Temperature Evaluation Tool\.pio\libdeps\m5stack\M5Stack)
|   |-- FS @ 2.0.0 (License: Unknown, Path: C:\.platformio\packages\framework-arduinoespressif32\libraries\FS)
|   |-- HTTPClient @ 2.0.0 (License: Unknown, Path: C:\.platformio\packages\framework-arduinoespressif32\libraries\HTTPClient)
|   |   |-- WiFi @ 2.0.0 (License: Unknown, Path: C:\.platformio\packages\framework-arduinoespressif32\libraries\WiFi)
|   |   |-- WiFiClientSecure @ 2.0.0 (License: Unknown, Path: C:\.platformio\packages\framework-arduinoespressif32\libraries\WiFiClientSecure)
|   |   |   |-- WiFi @ 2.0.0 (License: Unknown, Path: C:\.platformio\packages\framework-arduinoespressif32\libraries\WiFi)
|   |-- SD @ 2.0.0 (License: Unknown, Path: C:\.platformio\packages\framework-arduinoespressif32\libraries\SD)
|   |   |-- FS @ 2.0.0 (License: Unknown, Path: C:\.platformio\packages\framework-arduinoespressif32\libraries\FS)
|   |   |-- SPI @ 2.0.0 (License: Unknown, Path: C:\.platformio\packages\framework-arduinoespressif32\libraries\SPI)
|   |-- SPI @ 2.0.0 (License: Unknown, Path: C:\.platformio\packages\framework-arduinoespressif32\libraries\SPI)
|   |-- Wire @ 2.0.0 (License: Unknown, Path: C:\.platformio\packages\framework-arduinoespressif32\libraries\Wire)
|   |-- SPIFFS @ 2.0.0 (License: Unknown, Path: C:\.platformio\packages\framework-arduinoespressif32\libraries\SPIFFS)
|   |   |-- FS @ 2.0.0 (License: Unknown, Path: C:\.platformio\packages\framework-arduinoespressif32\libraries\FS)
|-- Adafruit MAX31855 library @ 1.4.2 (License: Unknown, Path: C:\gemini\Simple Temperature Evaluation Tool\.pio\libdeps\m5stack\Adafruit MAX31855 library)
|   |-- Adafruit BusIO @ 1.17.4 (License: Unknown, Path: C:\gemini\Simple Temperature Evaluation Tool\.pio\libdeps\m5stack\Adafruit BusIO)
|   |   |-- SPI @ 2.0.0 (License: Unknown, Path: C:\.platformio\packages\framework-arduinoespressif32\libraries\SPI)
|   |   |-- Wire @ 2.0.0 (License: Unknown, Path: C:\.platformio\packages\framework-arduinoespressif32\libraries\Wire)
|   |-- SPI @ 2.0.0 (License: Unknown, Path: C:\.platformio\packages\framework-arduinoespressif32\libraries\SPI)
Building in release mode
Using tempfile C:\gemini\Simple Temperature Evaluation Tool\.pio\build\m5stack\tmppjqa7ug3.tmp for command line:
xtensa-esp32-elf-g++ -o .pio/build/m5stack/src/DisplayManager.cpp.o -c -Wno-frame-address -std=gnu++11 -fexceptions -fno-rtti -Os -Os -mlongcalls -ffunction-sections -fdata-sections -Wno-error=unused-function -Wno-error=unused-variable -Wno-error=deprecated-declarations -Wno-unused-parameter -Wno-sign-compare -ggdb -freorder-blocks -Wwrite-strings -fstack-protector -fstrict-volatile-bitfields -Wno-error=unused-but-set-variable -fno-jump-tables -fno-tree-switch-conversion -MMD -DPLATFORMIO=60119 -DARDUINO_M5Stack_Core_ESP32 -DCORE_DEBUG_LEVEL=0 -DHAVE_CONFIG_H -DMBEDTLS_CONFIG_FILE=\"mbedtls/esp_config.h\" -DUNITY_INCLUDE_CONFIG_H -DWITH_POSIX -D_GNU_SOURCE -DIDF_VER=\"v4.4.7-dirty\" -DESP_PLATFORM -D_POSIX_READER_WRITER_LOCKS -DARDUINO_ARCH_ESP32 -DESP32 -DF_CPU=240000000L -DARDUINO=10812 -DARDUINO_VARIANT=\"m5stack_core_esp32\" "-DARDUINO_BOARD=\"M5Stack Core ESP32\"" -DARDUINO_PARTITION_default -Iinclude -Isrc "-I.pio/libdeps/m5stack/Adafruit MAX31855 library" "-I.pio/libdeps/m5stack/Adafruit BusIO" -I.pio/libdeps/m5stack/M5Stack/src -IC:/.platformio/packages/framework-arduinoespressif32/libraries/SPIFFS/src -IC:/.platformio/packages/framework-arduinoespressif32/libraries/Wire/src -IC:/.platformio/packages/framework-arduinoespressif32/libraries/SD/src -IC:/.platformio/packages/framework-arduinoespressif32/libraries/SPI/src -IC:/.platformio/packages/framework-arduinoespressif32/libraries/HTTPClient/src -IC:/.platformio/packages/framework-arduinoespressif32/libraries/WiFiClientSecure/src -IC:/.platformio/packages/framework-arduinoespressif32/libraries/WiFi/src -IC:/.platformio/packages/framework-arduinoespressif32/libraries/FS/src -IC:/.platformio/packages/framework-arduinoespressif32/tools/sdk/esp32/include/newlib/platform_include -IC:/.platformio/packages/framework-arduinoespressif32/tools/sdk/esp32/include/freertos/include -IC:/.platformio/packages/framework-arduinoespressif32/tools/sdk/esp32/include/freertos/include/esp_additions/freertos -IC:/.platformio/packages/framework-arduinoespressif32/tools/sdk/esp32/include/freertos/port/xtensa/include -IC:/.platformio/packages/framework-arduinoespressif32/tools/sdk/esp32/include/freertos/include/esp_additions -IC:/.platformio/packages/framework-arduinoespressif32/tools/sdk/esp32/include/esp_hw_support/include -IC:/.platformio/packages/framework-arduinoespressif32/tools/sdk/esp32/include/esp_hw_support/include/soc -IC:/.platformio/packages/framework-arduinoespressif32/tools/sdk/esp32/include/esp_hw_support/include/soc/esp32 -IC:/.platformio/packages/framework-arduinoespressif32/tools/sdk/esp32/include/esp_hw_support/port/esp32 -IC:/.platformio/packages/framework-arduinoespressif32/tools/sdk/esp32/include/esp_hw_support/port/esp32/private_include -IC:/.platformio/packages/framework-arduinoespressif32/tools/sdk/esp32/include/heap/include -IC:/.platformio/packages/framework-arduinoespressif32/tools/sdk/esp32/include/log/include -IC:/.platformio/packages/framework-arduinoespressif32/tools/sdk/esp32/include/lwip/include/apps -IC:/.platformio/packages/framework-arduinoespressif32/tools/sdk/esp32/include/lwip/include/apps/sntp -IC:/.platformio/packages/framework-arduinoespressif32/tools/sdk/esp32/include/lwip/lwip/src/include -IC:/.platformio/packages/framework-arduinoespressif32/tools/sdk/esp32/include/lwip/port/esp32/include -IC:/.platformio/packages/framework-arduinoespressif32/tools/sdk/esp32/include/lwip/port/esp32/include/arch -IC:/.platformio/packages/framework-arduinoespressif32/tools/sdk/esp32/include/soc/include -IC:/.platformio/packages/framework-arduinoespressif32/tools/sdk/esp32/include/soc/esp32 -IC:/.platformio/packages/framework-arduinoespressif32/tools/sdk/esp32/include/soc/esp32/include -IC:/.platformio/packages/framework-arduinoespressif32/tools/sdk/esp32/include/hal/esp32/include -IC:/.platformio/packages/framework-arduinoespressif32/tools/sdk/esp32/include/hal/include -IC:/.platformio/packages/framework-arduinoespressif32/tools/sdk/esp32/include/hal/platform_port/include -IC:/.platformio/packages/framework-arduinoespressif32/tools/sdk/esp32/include/esp_rom/include -IC:/.platformio/packages/framework-arduinoespressif32/tools/sdk/esp32/include/esp_rom/include/esp32 -IC:/.platformio/packages/framework-arduinoespressif32/tools/sdk/esp32/include/esp_rom/esp32 -IC:/.platformio/packages/framework-arduinoespressif32/tools/sdk/esp32/include/esp_common/include -IC:/.platformio/packages/framework-arduinoespressif32/tools/sdk/esp32/include/esp_system/include -IC:/.platformio/packages/framework-arduinoespressif32/tools/sdk/esp32/include/esp_system/port/soc -IC:/.platformio/packages/framework-arduinoespressif32/tools/sdk/esp32/include/esp_system/port/public_compat -IC:/.platformio/packages/framework-arduinoespressif32/tools/sdk/esp32/include/esp32/include -IC:/.platformio/packages/framework-arduinoespressif32/tools/sdk/esp32/include/xtensa/include -IC:/.platformio/packages/framework-arduinoespressif32/tools/sdk/esp32/include/xtensa/esp32/include -IC:/.platformio/packages/framework-arduinoespressif32/tools/sdk/esp32/include/driver/include -IC:/.platformio/packages/framework-arduinoespressif32/tools/sdk/esp32/include/driver/esp32/include -IC:/.platformio/packages/framework-arduinoespressif32/tools/sdk/esp32/include/esp_pm/include -IC:/.platformio/packages/framework-arduinoespressif32/tools/sdk/esp32/include/esp_ringbuf/include -IC:/.platformio/packages/framework-arduinoespressif32/tools/sdk/esp32/include/efuse/include -IC:/.platformio/packages/framework-arduinoespressif32/tools/sdk/esp32/include/efuse/esp32/include -IC:/.platformio/packages/framework-arduinoespressif32/tools/sdk/esp32/include/vfs/include -IC:/.platformio/packages/framework-arduinoespressif32/tools/sdk/esp32/include/esp_wifi/include -IC:/.platformio/packages/framework-arduinoespressif32/tools/sdk/esp32/include/esp_event/include -IC:/.platformio/packages/framework-arduinoespressif32/tools/sdk/esp32/include/esp_netif/include -IC:/.platformio/packages/framework-arduinoespressif32/tools/sdk/esp32/include/esp_eth/include -IC:/.platformio/packages/framework-arduinoespressif32/tools/sdk/esp32/include/tcpip_adapter/include -IC:/.platformio/packages/framework-arduinoespressif32/tools/sdk/esp32/include/esp_phy/include -IC:/.platformio/packages/framework-arduinoespressif32/tools/sdk/esp32/include/esp_phy/esp32/include -IC:/.platformio/packages/framework-arduinoespressif32/tools/sdk/esp32/include/esp_ipc/include -IC:/.platformio/packages/framework-arduinoespressif32/tools/sdk/esp32/include/app_trace/include -IC:/.platformio/packages/framework-arduinoespressif32/tools/sdk/esp32/include/esp_timer/include -IC:/.platformio/packages/framework-arduinoespressif32/tools/sdk/esp32/include/mbedtls/port/include -IC:/.platformio/packages/framework-arduinoespressif32/tools/sdk/esp32/include/mbedtls/mbedtls/include -IC:/.platformio/packages/framework-arduinoespressif32/tools/sdk/esp32/include/mbedtls/esp_crt_bundle/include -IC:/.platformio/packages/framework-arduinoespressif32/tools/sdk/esp32/include/app_update/include -IC:/.platformio/packages/framework-arduinoespressif32/tools/sdk/esp32/include/spi_flash/include -IC:/.platformio/packages/framework-arduinoespressif32/tools/sdk/esp32/include/bootloader_support/include -IC:/.platformio/packages/framework-arduinoespressif32/tools/sdk/esp32/include/nvs_flash/include -IC:/.platformio/packages/framework-arduinoespressif32/tools/sdk/esp32/include/pthread/include -IC:/.platformio/packages/framework-arduinoespressif32/tools/sdk/esp32/include/esp_gdbstub/include -IC:/.platformio/packages/framework-arduinoespressif32/tools/sdk/esp32/include/esp_gdbstub/xtensa -IC:/.platformio/packages/framework-arduinoespressif32/tools/sdk/esp32/include/esp_gdbstub/esp32 -IC:/.platformio/packages/framework-arduinoespressif32/tools/sdk/esp32/include/espcoredump/include -IC:/.platformio/packages/framework-arduinoespressif32/tools/sdk/esp32/include/espcoredump/include/port/xtensa -IC:/.platformio/packages/framework-arduinoespressif32/tools/sdk/esp32/include/wpa_supplicant/include -IC:/.platformio/packages/framework-arduinoespressif32/tools/sdk/esp32/include/wpa_supplicant/port/include -IC:/.platformio/packages/framework-arduinoespressif32/tools/sdk/esp32/include/wpa_supplicant/esp_supplicant/include -IC:/.platformio/packages/framework-arduinoespressif32/tools/sdk/esp32/include/ieee802154/include -IC:/.platformio/packages/framework-arduinoespressif32/tools/sdk/esp32/include/console -IC:/.platformio/packages/framework-arduinoespressif32/tools/sdk/esp32/include/asio/asio/asio/include -IC:/.platformio/packages/framework-arduinoespressif32/tools/sdk/esp32/include/asio/port/include -IC:/.platformio/packages/framework-arduinoespressif32/tools/sdk/esp32/include/bt/common/osi/include -IC:/.platformio/packages/framework-arduinoespressif32/tools/sdk/esp32/include/bt/include/esp32/include -IC:/.platformio/packages/framework-arduinoespressif32/tools/sdk/esp32/include/bt/common/api/include/api -IC:/.platformio/packages/framework-arduinoespressif32/tools/sdk/esp32/include/bt/common/btc/profile/esp/blufi/include -IC:/.platformio/packages/framework-arduinoespressif32/tools/sdk/esp32/include/bt/common/btc/profile/esp/include -IC:/.platformio/packages/framework-arduinoespressif32/tools/sdk/esp32/include/bt/host/bluedroid/api/include/api -IC:/.platformio/packages/framework-arduinoespressif32/tools/sdk/esp32/include/bt/esp_ble_mesh/mesh_common/include -IC:/.platformio/packages/framework-arduinoespressif32/tools/sdk/esp32/include/bt/esp_ble_mesh/mesh_common/tinycrypt/include -IC:/.platformio/packages/framework-arduinoespressif32/tools/sdk/esp32/include/bt/esp_ble_mesh/mesh_core -IC:/.platformio/packages/framework-arduinoespressif32/tools/sdk/esp32/include/bt/esp_ble_mesh/mesh_core/include -IC:/.platformio/packages/framework-arduinoespressif32/tools/sdk/esp32/include/bt/esp_ble_mesh/mesh_core/storage -IC:/.platformio/packages/framework-arduinoespressif32/tools/sdk/esp32/include/bt/esp_ble_mesh/btc/include -IC:/.platformio/packages/framework-arduinoespressif32/tools/sdk/esp32/include/bt/esp_ble_mesh/mesh_models/common/include -IC:/.platformio/packages/framework-arduinoespressif32/tools/sdk/esp32/include/bt/esp_ble_mesh/mesh_models/client/include -IC:/.platformio/packages/framework-arduinoespressif32/tools/sdk/esp32/include/bt/esp_ble_mesh/mesh_models/server/include -IC:/.platformio/packages/framework-arduinoespressif32/tools/sdk/esp32/include/bt/esp_ble_mesh/api/core/include -IC:/.platformio/packages/framework-arduinoespressif32/tools/sdk/esp32/include/bt/esp_ble_mesh/api/models/include -IC:/.platformio/packages/framework-arduinoespressif32/tools/sdk/esp32/include/bt/esp_ble_mesh/api -IC:/.platformio/packages/framework-arduinoespressif32/tools/sdk/esp32/include/cbor/port/include -IC:/.platformio/packages/framework-arduinoespressif32/tools/sdk/esp32/include/unity/include -IC:/.platformio/packages/framework-arduinoespressif32/tools/sdk/esp32/include/unity/unity/src -IC:/.platformio/packages/framework-arduinoespressif32/tools/sdk/esp32/include/cmock/CMock/src -IC:/.platformio/packages/framework-arduinoespressif32/tools/sdk/esp32/include/coap/port/include -IC:/.platformio/packages/framework-arduinoespressif32/tools/sdk/esp32/include/coap/libcoap/include -IC:/.platformio/packages/framework-arduinoespressif32/tools/sdk/esp32/include/nghttp/port/include -IC:/.platformio/packages/framework-arduinoespressif32/tools/sdk/esp32/include/nghttp/nghttp2/lib/includes -IC:/.platformio/packages/framework-arduinoespressif32/tools/sdk/esp32/include/esp-tls -IC:/.platformio/packages/framework-arduinoespressif32/tools/sdk/esp32/include/esp-tls/esp-tls-crypto -IC:/.platformio/packages/framework-arduinoespressif32/tools/sdk/esp32/include/esp_adc_cal/include -IC:/.platformio/packages/framework-arduinoespressif32/tools/sdk/esp32/include/esp_hid/include -IC:/.platformio/packages/framework-arduinoespressif32/tools/sdk/esp32/include/tcp_transport/include -IC:/.platformio/packages/framework-arduinoespressif32/tools/sdk/esp32/include/esp_http_client/include -IC:/.platformio/packages/framework-arduinoespressif32/tools/sdk/esp32/include/esp_http_server/include -IC:/.platformio/packages/framework-arduinoespressif32/tools/sdk/esp32/include/esp_https_ota/include -IC:/.platformio/packages/framework-arduinoespressif32/tools/sdk/esp32/include/esp_https_server/include -IC:/.platformio/packages/framework-arduinoespressif32/tools/sdk/esp32/include/esp_lcd/include -IC:/.platformio/packages/framework-arduinoespressif32/tools/sdk/esp32/include/esp_lcd/interface -IC:/.platformio/packages/framework-arduinoespressif32/tools/sdk/esp32/include/protobuf-c/protobuf-c -IC:/.platformio/packages/framework-arduinoespressif32/tools/sdk/esp32/include/protocomm/include/common -IC:/.platformio/packages/framework-arduinoespressif32/tools/sdk/esp32/include/protocomm/include/security -IC:/.platformio/packages/framework-arduinoespressif32/tools/sdk/esp32/include/protocomm/include/transports -IC:/.platformio/packages/framework-arduinoespressif32/tools/sdk/esp32/include/mdns/include -IC:/.platformio/packages/framework-arduinoespressif32/tools/sdk/esp32/include/esp_local_ctrl/include -IC:/.platformio/packages/framework-arduinoespressif32/tools/sdk/esp32/include/sdmmc/include -IC:/.platformio/packages/framework-arduinoespressif32/tools/sdk/esp32/include/esp_serial_slave_link/include -IC:/.platformio/packages/framework-arduinoespressif32/tools/sdk/esp32/include/esp_websocket_client/include -IC:/.platformio/packages/framework-arduinoespressif32/tools/sdk/esp32/include/expat/expat/expat/lib -IC:/.platformio/packages/framework-arduinoespressif32/tools/sdk/esp32/include/expat/port/include -IC:/.platformio/packages/framework-arduinoespressif32/tools/sdk/esp32/include/wear_levelling/include -IC:/.platformio/packages/framework-arduinoespressif32/tools/sdk/esp32/include/fatfs/diskio -IC:/.platformio/packages/framework-arduinoespressif32/tools/sdk/esp32/include/fatfs/vfs -IC:/.platformio/packages/framework-arduinoespressif32/tools/sdk/esp32/include/fatfs/src -IC:/.platformio/packages/framework-arduinoespressif32/tools/sdk/esp32/include/freemodbus/freemodbus/common/include -IC:/.platformio/packages/framework-arduinoespressif32/tools/sdk/esp32/include/idf_test/include -IC:/.platformio/packages/framework-arduinoespressif32/tools/sdk/esp32/include/idf_test/include/esp32 -IC:/.platformio/packages/framework-arduinoespressif32/tools/sdk/esp32/include/jsmn/include -IC:/.platformio/packages/framework-arduinoespressif32/tools/sdk/esp32/include/json/cJSON -IC:/.platformio/packages/framework-arduinoespressif32/tools/sdk/esp32/include/libsodium/libsodium/src/libsodium/include -IC:/.platformio/packages/framework-arduinoespressif32/tools/sdk/esp32/include/libsodium/port_include -IC:/.platformio/packages/framework-arduinoespressif32/tools/sdk/esp32/include/mqtt/esp-mqtt/include -IC:/.platformio/packages/framework-arduinoespressif32/tools/sdk/esp32/include/openssl/include -IC:/.platformio/packages/framework-arduinoespressif32/tools/sdk/esp32/include/perfmon/include -IC:/.platformio/packages/framework-arduinoespressif32/tools/sdk/esp32/include/spiffs/include -IC:/.platformio/packages/framework-arduinoespressif32/tools/sdk/esp32/include/ulp/include -IC:/.platformio/packages/framework-arduinoespressif32/tools/sdk/esp32/include/wifi_provisioning/include -IC:/.platformio/packages/framework-arduinoespressif32/tools/sdk/esp32/include/rmaker_common/include -IC:/.platformio/packages/framework-arduinoespressif32/tools/sdk/esp32/include/esp_diagnostics/include -IC:/.platformio/packages/framework-arduinoespressif32/tools/sdk/esp32/include/rtc_store/include -IC:/.platformio/packages/framework-arduinoespressif32/tools/sdk/esp32/include/esp_insights/include -IC:/.platformio/packages/framework-arduinoespressif32/tools/sdk/esp32/include/json_parser/upstream/include -IC:/.platformio/packages/framework-arduinoespressif32/tools/sdk/esp32/include/json_parser/upstream -IC:/.platformio/packages/framework-arduinoespressif32/tools/sdk/esp32/include/json_generator/upstream -IC:/.platformio/packages/framework-arduinoespressif32/tools/sdk/esp32/include/esp_schedule/include -IC:/.platformio/packages/framework-arduinoespressif32/tools/sdk/esp32/include/espressif__esp_secure_cert_mgr/include -IC:/.platformio/packages/framework-arduinoespressif32/tools/sdk/esp32/include/esp_rainmaker/include -IC:/.platformio/packages/framework-arduinoespressif32/tools/sdk/esp32/include/gpio_button/button/include -IC:/.platformio/packages/framework-arduinoespressif32/tools/sdk/esp32/include/qrcode/include -IC:/.platformio/packages/framework-arduinoespressif32/tools/sdk/esp32/include/ws2812_led -IC:/.platformio/packages/framework-arduinoespressif32/tools/sdk/esp32/include/esp_littlefs/include -IC:/.platformio/packages/framework-arduinoespressif32/tools/sdk/esp32/include/esp-dl/include -IC:/.platformio/packages/framework-arduinoespressif32/tools/sdk/esp32/include/esp-dl/include/tool -IC:/.platformio/packages/framework-arduinoespressif32/tools/sdk/esp32/include/esp-dl/include/typedef -IC:/.platformio/packages/framework-arduinoespressif32/tools/sdk/esp32/include/esp-dl/include/image -IC:/.platformio/packages/framework-arduinoespressif32/tools/sdk/esp32/include/esp-dl/include/math -IC:/.platformio/packages/framework-arduinoespressif32/tools/sdk/esp32/include/esp-dl/include/nn -IC:/.platformio/packages/framework-arduinoespressif32/tools/sdk/esp32/include/esp-dl/include/layer -IC:/.platformio/packages/framework-arduinoespressif32/tools/sdk/esp32/include/esp-dl/include/detect -IC:/.platformio/packages/framework-arduinoespressif32/tools/sdk/esp32/include/esp-dl/include/model_zoo -IC:/.platformio/packages/framework-arduinoespressif32/tools/sdk/esp32/include/esp32-camera/driver/include -IC:/.platformio/packages/framework-arduinoespressif32/tools/sdk/esp32/include/esp32-camera/conversions/include -IC:/.platformio/packages/framework-arduinoespressif32/tools/sdk/esp32/include/espressif__esp-dsp/modules/dotprod/include -IC:/.platformio/packages/framework-arduinoespressif32/tools/sdk/esp32/include/espressif__esp-dsp/modules/support/include -IC:/.platformio/packages/framework-arduinoespressif32/tools/sdk/esp32/include/espressif__esp-dsp/modules/support/mem/include -IC:/.platformio/packages/framework-arduinoespressif32/tools/sdk/esp32/include/espressif__esp-dsp/modules/windows/include -IC:/.platformio/packages/framework-arduinoespressif32/tools/sdk/esp32/include/espressif__esp-dsp/modules/windows/hann/include -IC:/.platformio/packages/framework-arduinoespressif32/tools/sdk/esp32/include/espressif__esp-dsp/modules/windows/blackman/include -IC:/.platformio/packages/framework-arduinoespressif32/tools/sdk/esp32/include/espressif__esp-dsp/modules/windows/blackman_harris/include -IC:/.platformio/packages/framework-arduinoespressif32/tools/sdk/esp32/include/espressif__esp-dsp/modules/windows/blackman_nuttall/include -IC:/.platformio/packages/framework-arduinoespressif32/tools/sdk/esp32/include/espressif__esp-dsp/modules/windows/nuttall/include -IC:/.platformio/packages/framework-arduinoespressif32/tools/sdk/esp32/include/espressif__esp-dsp/modules/windows/flat_top/include -IC:/.platformio/packages/framework-arduinoespressif32/tools/sdk/esp32/include/espressif__esp-dsp/modules/iir/include -IC:/.platformio/packages/framework-arduinoespressif32/tools/sdk/esp32/include/espressif__esp-dsp/modules/fir/include -IC:/.platformio/packages/framework-arduinoespressif32/tools/sdk/esp32/include/espressif__esp-dsp/modules/math/include -IC:/.platformio/packages/framework-arduinoespressif32/tools/sdk/esp32/include/espressif__esp-dsp/modules/math/add/include -IC:/.platformio/packages/framework-arduinoespressif32/tools/sdk/esp32/include/espressif__esp-dsp/modules/math/sub/include -IC:/.platformio/packages/framework-arduinoespressif32/tools/sdk/esp32/include/espressif__esp-dsp/modules/math/mul/include -IC:/.platformio/packages/framework-arduinoespressif32/tools/sdk/esp32/include/espressif__esp-dsp/modules/math/addc/include -IC:/.platformio/packages/framework-arduinoespressif32/tools/sdk/esp32/include/espressif__esp-dsp/modules/math/mulc/include -IC:/.platformio/packages/framework-arduinoespressif32/tools/sdk/esp32/include/espressif__esp-dsp/modules/math/sqrt/include -IC:/.platformio/packages/framework-arduinoespressif32/tools/sdk/esp32/include/espressif__esp-dsp/modules/matrix/mul/include -IC:/.platformio/packages/framework-arduinoespressif32/tools/sdk/esp32/include/espressif__esp-dsp/modules/matrix/add/include -IC:/.platformio/packages/framework-arduinoespressif32/tools/sdk/esp32/include/espressif__esp-dsp/modules/matrix/addc/include -IC:/.platformio/packages/framework-arduinoespressif32/tools/sdk/esp32/include/espressif__esp-dsp/modules/matrix/mulc/include -IC:/.platformio/packages/framework-arduinoespressif32/tools/sdk/esp32/include/espressif__esp-dsp/modules/matrix/sub/include -IC:/.platformio/packages/framework-arduinoespressif32/tools/sdk/esp32/include/espressif__esp-dsp/modules/matrix/include -IC:/.platformio/packages/framework-arduinoespressif32/tools/sdk/esp32/include/espressif__esp-dsp/modules/fft/include -IC:/.platformio/packages/framework-arduinoespressif32/tools/sdk/esp32/include/espressif__esp-dsp/modules/dct/include -IC:/.platformio/packages/framework-arduinoespressif32/tools/sdk/esp32/include/espressif__esp-dsp/modules/conv/include -IC:/.platformio/packages/framework-arduinoespressif32/tools/sdk/esp32/include/espressif__esp-dsp/modules/common/include -IC:/.platformio/packages/framework-arduinoespressif32/tools/sdk/esp32/include/espressif__esp-dsp/modules/matrix/mul/test/include -IC:/.platformio/packages/framework-arduinoespressif32/tools/sdk/esp32/include/espressif__esp-dsp/modules/kalman/ekf/include -IC:/.platformio/packages/framework-arduinoespressif32/tools/sdk/esp32/include/espressif__esp-dsp/modules/kalman/ekf_imu13states/include -IC:/.platformio/packages/framework-arduinoespressif32/tools/sdk/esp32/include/fb_gfx/include -IC:/.platformio/packages/framework-arduinoespressif32/tools/sdk/esp32/qio_qspi/include -IC:/.platformio/packages/framework-arduinoespressif32/cores/esp32 -IC:/.platformio/packages/framework-arduinoespressif32/variants/m5stack_core_esp32 src/DisplayManager.cpp
xtensa-esp32-elf-g++ "@C:\gemini\Simple Temperature Evaluation Tool\.pio\build\m5stack\tmppjqa7ug3.tmp"
Using tempfile C:\gemini\Simple Temperature Evaluation Tool\.pio\build\m5stack\tmp1p704ndq.tmp for command line:
xtensa-esp32-elf-g++ -o .pio/build/m5stack/src/Tasks.cpp.o -c -Wno-frame-address -std=gnu++11 -fexceptions -fno-rtti -Os -Os -mlongcalls -ffunction-sections -fdata-sections -Wno-error=unused-function -Wno-error=unused-variable -Wno-error=deprecated-declarations -Wno-unused-parameter -Wno-sign-compare -ggdb -freorder-blocks -Wwrite-strings -fstack-protector -fstrict-volatile-bitfields -Wno-error=unused-but-set-variable -fno-jump-tables -fno-tree-switch-conversion -MMD -DPLATFORMIO=60119 -DARDUINO_M5Stack_Core_ESP32 -DCORE_DEBUG_LEVEL=0 -DHAVE_CONFIG_H -DMBEDTLS_CONFIG_FILE=\"mbedtls/esp_config.h\" -DUNITY_INCLUDE_CONFIG_H -DWITH_POSIX -D_GNU_SOURCE -DIDF_VER=\"v4.4.7-dirty\" -DESP_PLATFORM -D_POSIX_READER_WRITER_LOCKS -DARDUINO_ARCH_ESP32 -DESP32 -DF_CPU=240000000L -DARDUINO=10812 -DARDUINO_VARIANT=\"m5stack_core_esp32\" "-DARDUINO_BOARD=\"M5Stack Core ESP32\"" -DARDUINO_PARTITION_default -Iinclude -Isrc "-I.pio/libdeps/m5stack/Adafruit MAX31855 library" "-I.pio/libdeps/m5stack/Adafruit BusIO" -I.pio/libdeps/m5stack/M5Stack/src -IC:/.platformio/packages/framework-arduinoespressif32/libraries/SPIFFS/src -IC:/.platformio/packages/framework-arduinoespressif32/libraries/Wire/src -IC:/.platformio/packages/framework-arduinoespressif32/libraries/SD/src -IC:/.platformio/packages/framework-arduinoespressif32/libraries/SPI/src -IC:/.platformio/packages/framework-arduinoespressif32/libraries/HTTPClient/src -IC:/.platformio/packages/framework-arduinoespressif32/libraries/WiFiClientSecure/src -IC:/.platformio/packages/framework-arduinoespressif32/libraries/WiFi/src -IC:/.platformio/packages/framework-arduinoespressif32/libraries/FS/src -IC:/.platformio/packages/framework-arduinoespressif32/tools/sdk/esp32/include/newlib/platform_include -IC:/.platformio/packages/framework-arduinoespressif32/tools/sdk/esp32/include/freertos/include -IC:/.platformio/packages/framework-arduinoespressif32/tools/sdk/esp32/include/freertos/include/esp_additions/freertos -IC:/.platformio/packages/framework-arduinoespressif32/tools/sdk/esp32/include/freertos/port/xtensa/include -IC:/.platformio/packages/framework-arduinoespressif32/tools/sdk/esp32/include/freertos/include/esp_additions -IC:/.platformio/packages/framework-arduinoespressif32/tools/sdk/esp32/include/esp_hw_support/include -IC:/.platformio/packages/framework-arduinoespressif32/tools/sdk/esp32/include/esp_hw_support/include/soc -IC:/.platformio/packages/framework-arduinoespressif32/tools/sdk/esp32/include/esp_hw_support/include/soc/esp32 -IC:/.platformio/packages/framework-arduinoespressif32/tools/sdk/esp32/include/esp_hw_support/port/esp32 -IC:/.platformio/packages/framework-arduinoespressif32/tools/sdk/esp32/include/esp_hw_support/port/esp32/private_include -IC:/.platformio/packages/framework-arduinoespressif32/tools/sdk/esp32/include/heap/include -IC:/.platformio/packages/framework-arduinoespressif32/tools/sdk/esp32/include/log/include -IC:/.platformio/packages/framework-arduinoespressif32/tools/sdk/esp32/include/lwip/include/apps -IC:/.platformio/packages/framework-arduinoespressif32/tools/sdk/esp32/include/lwip/include/apps/sntp -IC:/.platformio/packages/framework-arduinoespressif32/tools/sdk/esp32/include/lwip/lwip/src/include -IC:/.platformio/packages/framework-arduinoespressif32/tools/sdk/esp32/include/lwip/port/esp32/include -IC:/.platformio/packages/framework-arduinoespressif32/tools/sdk/esp32/include/lwip/port/esp32/include/arch -IC:/.platformio/packages/framework-arduinoespressif32/tools/sdk/esp32/include/soc/include -IC:/.platformio/packages/framework-arduinoespressif32/tools/sdk/esp32/include/soc/esp32 -IC:/.platformio/packages/framework-arduinoespressif32/tools/sdk/esp32/include/soc/esp32/include -IC:/.platformio/packages/framework-arduinoespressif32/tools/sdk/esp32/include/hal/esp32/include -IC:/.platformio/packages/framework-arduinoespressif32/tools/sdk/esp32/include/hal/include -IC:/.platformio/packages/framework-arduinoespressif32/tools/sdk/esp32/include/hal/platform_port/include -IC:/.platformio/packages/framework-arduinoespressif32/tools/sdk/esp32/include/esp_rom/include -IC:/.platformio/packages/framework-arduinoespressif32/tools/sdk/esp32/include/esp_rom/include/esp32 -IC:/.platformio/packages/framework-arduinoespressif32/tools/sdk/esp32/include/esp_rom/esp32 -IC:/.platformio/packages/framework-arduinoespressif32/tools/sdk/esp32/include/esp_common/include -IC:/.platformio/packages/framework-arduinoespressif32/tools/sdk/esp32/include/esp_system/include -IC:/.platformio/packages/framework-arduinoespressif32/tools/sdk/esp32/include/esp_system/port/soc -IC:/.platformio/packages/framework-arduinoespressif32/tools/sdk/esp32/include/esp_system/port/public_compat -IC:/.platformio/packages/framework-arduinoespressif32/tools/sdk/esp32/include/esp32/include -IC:/.platformio/packages/framework-arduinoespressif32/tools/sdk/esp32/include/xtensa/include -IC:/.platformio/packages/framework-arduinoespressif32/tools/sdk/esp32/include/xtensa/esp32/include -IC:/.platformio/packages/framework-arduinoespressif32/tools/sdk/esp32/include/driver/include -IC:/.platformio/packages/framework-arduinoespressif32/tools/sdk/esp32/include/driver/esp32/include -IC:/.platformio/packages/framework-arduinoespressif32/tools/sdk/esp32/include/esp_pm/include -IC:/.platformio/packages/framework-arduinoespressif32/tools/sdk/esp32/include/esp_ringbuf/include -IC:/.platformio/packages/framework-arduinoespressif32/tools/sdk/esp32/include/efuse/include -IC:/.platformio/packages/framework-arduinoespressif32/tools/sdk/esp32/include/efuse/esp32/include -IC:/.platformio/packages/framework-arduinoespressif32/tools/sdk/esp32/include/vfs/include -IC:/.platformio/packages/framework-arduinoespressif32/tools/sdk/esp32/include/esp_wifi/include -IC:/.platformio/packages/framework-arduinoespressif32/tools/sdk/esp32/include/esp_event/include -IC:/.platformio/packages/framework-arduinoespressif32/tools/sdk/esp32/include/esp_netif/include -IC:/.platformio/packages/framework-arduinoespressif32/tools/sdk/esp32/include/esp_eth/include -IC:/.platformio/packages/framework-arduinoespressif32/tools/sdk/esp32/include/tcpip_adapter/include -IC:/.platformio/packages/framework-arduinoespressif32/tools/sdk/esp32/include/esp_phy/include -IC:/.platformio/packages/framework-arduinoespressif32/tools/sdk/esp32/include/esp_phy/esp32/include -IC:/.platformio/packages/framework-arduinoespressif32/tools/sdk/esp32/include/esp_ipc/include -IC:/.platformio/packages/framework-arduinoespressif32/tools/sdk/esp32/include/app_trace/include -IC:/.platformio/packages/framework-arduinoespressif32/tools/sdk/esp32/include/esp_timer/include -IC:/.platformio/packages/framework-arduinoespressif32/tools/sdk/esp32/include/mbedtls/port/include -IC:/.platformio/packages/framework-arduinoespressif32/tools/sdk/esp32/include/mbedtls/mbedtls/include -IC:/.platformio/packages/framework-arduinoespressif32/tools/sdk/esp32/include/mbedtls/esp_crt_bundle/include -IC:/.platformio/packages/framework-arduinoespressif32/tools/sdk/esp32/include/app_update/include -IC:/.platformio/packages/framework-arduinoespressif32/tools/sdk/esp32/include/spi_flash/include -IC:/.platformio/packages/framework-arduinoespressif32/tools/sdk/esp32/include/bootloader_support/include -IC:/.platformio/packages/framework-arduinoespressif32/tools/sdk/esp32/include/nvs_flash/include -IC:/.platformio/packages/framework-arduinoespressif32/tools/sdk/esp32/include/pthread/include -IC:/.platformio/packages/framework-arduinoespressif32/tools/sdk/esp32/include/esp_gdbstub/include -IC:/.platformio/packages/framework-arduinoespressif32/tools/sdk/esp32/include/esp_gdbstub/xtensa -IC:/.platformio/packages/framework-arduinoespressif32/tools/sdk/esp32/include/esp_gdbstub/esp32 -IC:/.platformio/packages/framework-arduinoespressif32/tools/sdk/esp32/include/espcoredump/include -IC:/.platformio/packages/framework-arduinoespressif32/tools/sdk/esp32/include/espcoredump/include/port/xtensa -IC:/.platformio/packages/framework-arduinoespressif32/tools/sdk/esp32/include/wpa_supplicant/include -IC:/.platformio/packages/framework-arduinoespressif32/tools/sdk/esp32/include/wpa_supplicant/port/include -IC:/.platformio/packages/framework-arduinoespressif32/tools/sdk/esp32/include/wpa_supplicant/esp_supplicant/include -IC:/.platformio/packages/framework-arduinoespressif32/tools/sdk/esp32/include/ieee802154/include -IC:/.platformio/packages/framework-arduinoespressif32/tools/sdk/esp32/include/console -IC:/.platformio/packages/framework-arduinoespressif32/tools/sdk/esp32/include/asio/asio/asio/include -IC:/.platformio/packages/framework-arduinoespressif32/tools/sdk/esp32/include/asio/port/include -IC:/.platformio/packages/framework-arduinoespressif32/tools/sdk/esp32/include/bt/common/osi/include -IC:/.platformio/packages/framework-arduinoespressif32/tools/sdk/esp32/include/bt/include/esp32/include -IC:/.platformio/packages/framework-arduinoespressif32/tools/sdk/esp32/include/bt/common/api/include/api -IC:/.platformio/packages/framework-arduinoespressif32/tools/sdk/esp32/include/bt/common/btc/profile/esp/blufi/include -IC:/.platformio/packages/framework-arduinoespressif32/tools/sdk/esp32/include/bt/common/btc/profile/esp/include -IC:/.platformio/packages/framework-arduinoespressif32/tools/sdk/esp32/include/bt/host/bluedroid/api/include/api -IC:/.platformio/packages/framework-arduinoespressif32/tools/sdk/esp32/include/bt/esp_ble_mesh/mesh_common/include -IC:/.platformio/packages/framework-arduinoespressif32/tools/sdk/esp32/include/bt/esp_ble_mesh/mesh_common/tinycrypt/include -IC:/.platformio/packages/framework-arduinoespressif32/tools/sdk/esp32/include/bt/esp_ble_mesh/mesh_core -IC:/.platformio/packages/framework-arduinoespressif32/tools/sdk/esp32/include/bt/esp_ble_mesh/mesh_core/include -IC:/.platformio/packages/framework-arduinoespressif32/tools/sdk/esp32/include/bt/esp_ble_mesh/mesh_core/storage -IC:/.platformio/packages/framework-arduinoespressif32/tools/sdk/esp32/include/bt/esp_ble_mesh/btc/include -IC:/.platformio/packages/framework-arduinoespressif32/tools/sdk/esp32/include/bt/esp_ble_mesh/mesh_models/common/include -IC:/.platformio/packages/framework-arduinoespressif32/tools/sdk/esp32/include/bt/esp_ble_mesh/mesh_models/client/include -IC:/.platformio/packages/framework-arduinoespressif32/tools/sdk/esp32/include/bt/esp_ble_mesh/mesh_models/server/include -IC:/.platformio/packages/framework-arduinoespressif32/tools/sdk/esp32/include/bt/esp_ble_mesh/api/core/include -IC:/.platformio/packages/framework-arduinoespressif32/tools/sdk/esp32/include/bt/esp_ble_mesh/api/models/include -IC:/.platformio/packages/framework-arduinoespressif32/tools/sdk/esp32/include/bt/esp_ble_mesh/api -IC:/.platformio/packages/framework-arduinoespressif32/tools/sdk/esp32/include/cbor/port/include -IC:/.platformio/packages/framework-arduinoespressif32/tools/sdk/esp32/include/unity/include -IC:/.platformio/packages/framework-arduinoespressif32/tools/sdk/esp32/include/unity/unity/src -IC:/.platformio/packages/framework-arduinoespressif32/tools/sdk/esp32/include/cmock/CMock/src -IC:/.platformio/packages/framework-arduinoespressif32/tools/sdk/esp32/include/coap/port/include -IC:/.platformio/packages/framework-arduinoespressif32/tools/sdk/esp32/include/coap/libcoap/include -IC:/.platformio/packages/framework-arduinoespressif32/tools/sdk/esp32/include/nghttp/port/include -IC:/.platformio/packages/framework-arduinoespressif32/tools/sdk/esp32/include/nghttp/nghttp2/lib/includes -IC:/.platformio/packages/framework-arduinoespressif32/tools/sdk/esp32/include/esp-tls -IC:/.platformio/packages/framework-arduinoespressif32/tools/sdk/esp32/include/esp-tls/esp-tls-crypto -IC:/.platformio/packages/framework-arduinoespressif32/tools/sdk/esp32/include/esp_adc_cal/include -IC:/.platformio/packages/framework-arduinoespressif32/tools/sdk/esp32/include/esp_hid/include -IC:/.platformio/packages/framework-arduinoespressif32/tools/sdk/esp32/include/tcp_transport/include -IC:/.platformio/packages/framework-arduinoespressif32/tools/sdk/esp32/include/esp_http_client/include -IC:/.platformio/packages/framework-arduinoespressif32/tools/sdk/esp32/include/esp_http_server/include -IC:/.platformio/packages/framework-arduinoespressif32/tools/sdk/esp32/include/esp_https_ota/include -IC:/.platformio/packages/framework-arduinoespressif32/tools/sdk/esp32/include/esp_https_server/include -IC:/.platformio/packages/framework-arduinoespressif32/tools/sdk/esp32/include/esp_lcd/include -IC:/.platformio/packages/framework-arduinoespressif32/tools/sdk/esp32/include/esp_lcd/interface -IC:/.platformio/packages/framework-arduinoespressif32/tools/sdk/esp32/include/protobuf-c/protobuf-c -IC:/.platformio/packages/framework-arduinoespressif32/tools/sdk/esp32/include/protocomm/include/common -IC:/.platformio/packages/framework-arduinoespressif32/tools/sdk/esp32/include/protocomm/include/security -IC:/.platformio/packages/framework-arduinoespressif32/tools/sdk/esp32/include/protocomm/include/transports -IC:/.platformio/packages/framework-arduinoespressif32/tools/sdk/esp32/include/mdns/include -IC:/.platformio/packages/framework-arduinoespressif32/tools/sdk/esp32/include/esp_local_ctrl/include -IC:/.platformio/packages/framework-arduinoespressif32/tools/sdk/esp32/include/sdmmc/include -IC:/.platformio/packages/framework-arduinoespressif32/tools/sdk/esp32/include/esp_serial_slave_link/include -IC:/.platformio/packages/framework-arduinoespressif32/tools/sdk/esp32/include/esp_websocket_client/include -IC:/.platformio/packages/framework-arduinoespressif32/tools/sdk/esp32/include/expat/expat/expat/lib -IC:/.platformio/packages/framework-arduinoespressif32/tools/sdk/esp32/include/expat/port/include -IC:/.platformio/packages/framework-arduinoespressif32/tools/sdk/esp32/include/wear_levelling/include -IC:/.platformio/packages/framework-arduinoespressif32/tools/sdk/esp32/include/fatfs/diskio -IC:/.platformio/packages/framework-arduinoespressif32/tools/sdk/esp32/include/fatfs/vfs -IC:/.platformio/packages/framework-arduinoespressif32/tools/sdk/esp32/include/fatfs/src -IC:/.platformio/packages/framework-arduinoespressif32/tools/sdk/esp32/include/freemodbus/freemodbus/common/include -IC:/.platformio/packages/framework-arduinoespressif32/tools/sdk/esp32/include/idf_test/include -IC:/.platformio/packages/framework-arduinoespressif32/tools/sdk/esp32/include/idf_test/include/esp32 -IC:/.platformio/packages/framework-arduinoespressif32/tools/sdk/esp32/include/jsmn/include -IC:/.platformio/packages/framework-arduinoespressif32/tools/sdk/esp32/include/json/cJSON -IC:/.platformio/packages/framework-arduinoespressif32/tools/sdk/esp32/include/libsodium/libsodium/src/libsodium/include -IC:/.platformio/packages/framework-arduinoespressif32/tools/sdk/esp32/include/libsodium/port_include -IC:/.platformio/packages/framework-arduinoespressif32/tools/sdk/esp32/include/mqtt/esp-mqtt/include -IC:/.platformio/packages/framework-arduinoespressif32/tools/sdk/esp32/include/openssl/include -IC:/.platformio/packages/framework-arduinoespressif32/tools/sdk/esp32/include/perfmon/include -IC:/.platformio/packages/framework-arduinoespressif32/tools/sdk/esp32/include/spiffs/include -IC:/.platformio/packages/framework-arduinoespressif32/tools/sdk/esp32/include/ulp/include -IC:/.platformio/packages/framework-arduinoespressif32/tools/sdk/esp32/include/wifi_provisioning/include -IC:/.platformio/packages/framework-arduinoespressif32/tools/sdk/esp32/include/rmaker_common/include -IC:/.platformio/packages/framework-arduinoespressif32/tools/sdk/esp32/include/esp_diagnostics/include -IC:/.platformio/packages/framework-arduinoespressif32/tools/sdk/esp32/include/rtc_store/include -IC:/.platformio/packages/framework-arduinoespressif32/tools/sdk/esp32/include/esp_insights/include -IC:/.platformio/packages/framework-arduinoespressif32/tools/sdk/esp32/include/json_parser/upstream/include -IC:/.platformio/packages/framework-arduinoespressif32/tools/sdk/esp32/include/json_parser/upstream -IC:/.platformio/packages/framework-arduinoespressif32/tools/sdk/esp32/include/json_generator/upstream -IC:/.platformio/packages/framework-arduinoespressif32/tools/sdk/esp32/include/esp_schedule/include -IC:/.platformio/packages/framework-arduinoespressif32/tools/sdk/esp32/include/espressif__esp_secure_cert_mgr/include -IC:/.platformio/packages/framework-arduinoespressif32/tools/sdk/esp32/include/esp_rainmaker/include -IC:/.platformio/packages/framework-arduinoespressif32/tools/sdk/esp32/include/gpio_button/button/include -IC:/.platformio/packages/framework-arduinoespressif32/tools/sdk/esp32/include/qrcode/include -IC:/.platformio/packages/framework-arduinoespressif32/tools/sdk/esp32/include/ws2812_led -IC:/.platformio/packages/framework-arduinoespressif32/tools/sdk/esp32/include/esp_littlefs/include -IC:/.platformio/packages/framework-arduinoespressif32/tools/sdk/esp32/include/esp-dl/include -IC:/.platformio/packages/framework-arduinoespressif32/tools/sdk/esp32/include/esp-dl/include/tool -IC:/.platformio/packages/framework-arduinoespressif32/tools/sdk/esp32/include/esp-dl/include/typedef -IC:/.platformio/packages/framework-arduinoespressif32/tools/sdk/esp32/include/esp-dl/include/image -IC:/.platformio/packages/framework-arduinoespressif32/tools/sdk/esp32/include/esp-dl/include/math -IC:/.platformio/packages/framework-arduinoespressif32/tools/sdk/esp32/include/esp-dl/include/nn -IC:/.platformio/packages/framework-arduinoespressif32/tools/sdk/esp32/include/esp-dl/include/layer -IC:/.platformio/packages/framework-arduinoespressif32/tools/sdk/esp32/include/esp-dl/include/detect -IC:/.platformio/packages/framework-arduinoespressif32/tools/sdk/esp32/include/esp-dl/include/model_zoo -IC:/.platformio/packages/framework-arduinoespressif32/tools/sdk/esp32/include/esp32-camera/driver/include -IC:/.platformio/packages/framework-arduinoespressif32/tools/sdk/esp32/include/esp32-camera/conversions/include -IC:/.platformio/packages/framework-arduinoespressif32/tools/sdk/esp32/include/espressif__esp-dsp/modules/dotprod/include -IC:/.platformio/packages/framework-arduinoespressif32/tools/sdk/esp32/include/espressif__esp-dsp/modules/support/include -IC:/.platformio/packages/framework-arduinoespressif32/tools/sdk/esp32/include/espressif__esp-dsp/modules/support/mem/include -IC:/.platformio/packages/framework-arduinoespressif32/tools/sdk/esp32/include/espressif__esp-dsp/modules/windows/include -IC:/.platformio/packages/framework-arduinoespressif32/tools/sdk/esp32/include/espressif__esp-dsp/modules/windows/hann/include -IC:/.platformio/packages/framework-arduinoespressif32/tools/sdk/esp32/include/espressif__esp-dsp/modules/windows/blackman/include -IC:/.platformio/packages/framework-arduinoespressif32/tools/sdk/esp32/include/espressif__esp-dsp/modules/windows/blackman_harris/include -IC:/.platformio/packages/framework-arduinoespressif32/tools/sdk/esp32/include/espressif__esp-dsp/modules/windows/blackman_nuttall/include -IC:/.platformio/packages/framework-arduinoespressif32/tools/sdk/esp32/include/espressif__esp-dsp/modules/windows/nuttall/include -IC:/.platformio/packages/framework-arduinoespressif32/tools/sdk/esp32/include/espressif__esp-dsp/modules/windows/flat_top/include -IC:/.platformio/packages/framework-arduinoespressif32/tools/sdk/esp32/include/espressif__esp-dsp/modules/iir/include -IC:/.platformio/packages/framework-arduinoespressif32/tools/sdk/esp32/include/espressif__esp-dsp/modules/fir/include -IC:/.platformio/packages/framework-arduinoespressif32/tools/sdk/esp32/include/espressif__esp-dsp/modules/math/include -IC:/.platformio/packages/framework-arduinoespressif32/tools/sdk/esp32/include/espressif__esp-dsp/modules/math/add/include -IC:/.platformio/packages/framework-arduinoespressif32/tools/sdk/esp32/include/espressif__esp-dsp/modules/math/sub/include -IC:/.platformio/packages/framework-arduinoespressif32/tools/sdk/esp32/include/espressif__esp-dsp/modules/math/mul/include -IC:/.platformio/packages/framework-arduinoespressif32/tools/sdk/esp32/include/espressif__esp-dsp/modules/math/addc/include -IC:/.platformio/packages/framework-arduinoespressif32/tools/sdk/esp32/include/espressif__esp-dsp/modules/math/mulc/include -IC:/.platformio/packages/framework-arduinoespressif32/tools/sdk/esp32/include/espressif__esp-dsp/modules/math/sqrt/include -IC:/.platformio/packages/framework-arduinoespressif32/tools/sdk/esp32/include/espressif__esp-dsp/modules/matrix/mul/include -IC:/.platformio/packages/framework-arduinoespressif32/tools/sdk/esp32/include/espressif__esp-dsp/modules/matrix/add/include -IC:/.platformio/packages/framework-arduinoespressif32/tools/sdk/esp32/include/espressif__esp-dsp/modules/matrix/addc/include -IC:/.platformio/packages/framework-arduinoespressif32/tools/sdk/esp32/include/espressif__esp-dsp/modules/matrix/mulc/include -IC:/.platformio/packages/framework-arduinoespressif32/tools/sdk/esp32/include/espressif__esp-dsp/modules/matrix/sub/include -IC:/.platformio/packages/framework-arduinoespressif32/tools/sdk/esp32/include/espressif__esp-dsp/modules/matrix/include -IC:/.platformio/packages/framework-arduinoespressif32/tools/sdk/esp32/include/espressif__esp-dsp/modules/fft/include -IC:/.platformio/packages/framework-arduinoespressif32/tools/sdk/esp32/include/espressif__esp-dsp/modules/dct/include -IC:/.platformio/packages/framework-arduinoespressif32/tools/sdk/esp32/include/espressif__esp-dsp/modules/conv/include -IC:/.platformio/packages/framework-arduinoespressif32/tools/sdk/esp32/include/espressif__esp-dsp/modules/common/include -IC:/.platformio/packages/framework-arduinoespressif32/tools/sdk/esp32/include/espressif__esp-dsp/modules/matrix/mul/test/include -IC:/.platformio/packages/framework-arduinoespressif32/tools/sdk/esp32/include/espressif__esp-dsp/modules/kalman/ekf/include -IC:/.platformio/packages/framework-arduinoespressif32/tools/sdk/esp32/include/espressif__esp-dsp/modules/kalman/ekf_imu13states/include -IC:/.platformio/packages/framework-arduinoespressif32/tools/sdk/esp32/include/fb_gfx/include -IC:/.platformio/packages/framework-arduinoespressif32/tools/sdk/esp32/qio_qspi/include -IC:/.platformio/packages/framework-arduinoespressif32/cores/esp32 -IC:/.platformio/packages/framework-arduinoespressif32/variants/m5stack_core_esp32 src/Tasks.cpp
xtensa-esp32-elf-g++ "@C:\gemini\Simple Temperature Evaluation Tool\.pio\build\m5stack\tmp1p704ndq.tmp"
Using tempfile C:\gemini\Simple Temperature Evaluation Tool\.pio\build\m5stack\tmprm1jd89s.tmp for command line:
xtensa-esp32-elf-g++ -o .pio/build/m5stack/src/main.cpp.o -c -Wno-frame-address -std=gnu++11 -fexceptions -fno-rtti -Os -Os -mlongcalls -ffunction-sections -fdata-sections -Wno-error=unused-function -Wno-error=unused-variable -Wno-error=deprecated-declarations -Wno-unused-parameter -Wno-sign-compare -ggdb -freorder-blocks -Wwrite-strings -fstack-protector -fstrict-volatile-bitfields -Wno-error=unused-but-set-variable -fno-jump-tables -fno-tree-switch-conversion -MMD -DPLATFORMIO=60119 -DARDUINO_M5Stack_Core_ESP32 -DCORE_DEBUG_LEVEL=0 -DHAVE_CONFIG_H -DMBEDTLS_CONFIG_FILE=\"mbedtls/esp_config.h\" -DUNITY_INCLUDE_CONFIG_H -DWITH_POSIX -D_GNU_SOURCE -DIDF_VER=\"v4.4.7-dirty\" -DESP_PLATFORM -D_POSIX_READER_WRITER_LOCKS -DARDUINO_ARCH_ESP32 -DESP32 -DF_CPU=240000000L -DARDUINO=10812 -DARDUINO_VARIANT=\"m5stack_core_esp32\" "-DARDUINO_BOARD=\"M5Stack Core ESP32\"" -DARDUINO_PARTITION_default -Iinclude -Isrc "-I.pio/libdeps/m5stack/Adafruit MAX31855 library" "-I.pio/libdeps/m5stack/Adafruit BusIO" -I.pio/libdeps/m5stack/M5Stack/src -IC:/.platformio/packages/framework-arduinoespressif32/libraries/SPIFFS/src -IC:/.platformio/packages/framework-arduinoespressif32/libraries/Wire/src -IC:/.platformio/packages/framework-arduinoespressif32/libraries/SD/src -IC:/.platformio/packages/framework-arduinoespressif32/libraries/SPI/src -IC:/.platformio/packages/framework-arduinoespressif32/libraries/HTTPClient/src -IC:/.platformio/packages/framework-arduinoespressif32/libraries/WiFiClientSecure/src -IC:/.platformio/packages/framework-arduinoespressif32/libraries/WiFi/src -IC:/.platformio/packages/framework-arduinoespressif32/libraries/FS/src -IC:/.platformio/packages/framework-arduinoespressif32/tools/sdk/esp32/include/newlib/platform_include -IC:/.platformio/packages/framework-arduinoespressif32/tools/sdk/esp32/include/freertos/include -IC:/.platformio/packages/framework-arduinoespressif32/tools/sdk/esp32/include/freertos/include/esp_additions/freertos -IC:/.platformio/packages/framework-arduinoespressif32/tools/sdk/esp32/include/freertos/port/xtensa/include -IC:/.platformio/packages/framework-arduinoespressif32/tools/sdk/esp32/include/freertos/include/esp_additions -IC:/.platformio/packages/framework-arduinoespressif32/tools/sdk/esp32/include/esp_hw_support/include -IC:/.platformio/packages/framework-arduinoespressif32/tools/sdk/esp32/include/esp_hw_support/include/soc -IC:/.platformio/packages/framework-arduinoespressif32/tools/sdk/esp32/include/esp_hw_support/include/soc/esp32 -IC:/.platformio/packages/framework-arduinoespressif32/tools/sdk/esp32/include/esp_hw_support/port/esp32 -IC:/.platformio/packages/framework-arduinoespressif32/tools/sdk/esp32/include/esp_hw_support/port/esp32/private_include -IC:/.platformio/packages/framework-arduinoespressif32/tools/sdk/esp32/include/heap/include -IC:/.platformio/packages/framework-arduinoespressif32/tools/sdk/esp32/include/log/include -IC:/.platformio/packages/framework-arduinoespressif32/tools/sdk/esp32/include/lwip/include/apps -IC:/.platformio/packages/framework-arduinoespressif32/tools/sdk/esp32/include/lwip/include/apps/sntp -IC:/.platformio/packages/framework-arduinoespressif32/tools/sdk/esp32/include/lwip/lwip/src/include -IC:/.platformio/packages/framework-arduinoespressif32/tools/sdk/esp32/include/lwip/port/esp32/include -IC:/.platformio/packages/framework-arduinoespressif32/tools/sdk/esp32/include/lwip/port/esp32/include/arch -IC:/.platformio/packages/framework-arduinoespressif32/tools/sdk/esp32/include/soc/include -IC:/.platformio/packages/framework-arduinoespressif32/tools/sdk/esp32/include/soc/esp32 -IC:/.platformio/packages/framework-arduinoespressif32/tools/sdk/esp32/include/soc/esp32/include -IC:/.platformio/packages/framework-arduinoespressif32/tools/sdk/esp32/include/hal/esp32/include -IC:/.platformio/packages/framework-arduinoespressif32/tools/sdk/esp32/include/hal/include -IC:/.platformio/packages/framework-arduinoespressif32/tools/sdk/esp32/include/hal/platform_port/include -IC:/.platformio/packages/framework-arduinoespressif32/tools/sdk/esp32/include/esp_rom/include -IC:/.platformio/packages/framework-arduinoespressif32/tools/sdk/esp32/include/esp_rom/include/esp32 -IC:/.platformio/packages/framework-arduinoespressif32/tools/sdk/esp32/include/esp_rom/esp32 -IC:/.platformio/packages/framework-arduinoespressif32/tools/sdk/esp32/include/esp_common/include -IC:/.platformio/packages/framework-arduinoespressif32/tools/sdk/esp32/include/esp_system/include -IC:/.platformio/packages/framework-arduinoespressif32/tools/sdk/esp32/include/esp_system/port/soc -IC:/.platformio/packages/framework-arduinoespressif32/tools/sdk/esp32/include/esp_system/port/public_compat -IC:/.platformio/packages/framework-arduinoespressif32/tools/sdk/esp32/include/esp32/include -IC:/.platformio/packages/framework-arduinoespressif32/tools/sdk/esp32/include/xtensa/include -IC:/.platformio/packages/framework-arduinoespressif32/tools/sdk/esp32/include/xtensa/esp32/include -IC:/.platformio/packages/framework-arduinoespressif32/tools/sdk/esp32/include/driver/include -IC:/.platformio/packages/framework-arduinoespressif32/tools/sdk/esp32/include/driver/esp32/include -IC:/.platformio/packages/framework-arduinoespressif32/tools/sdk/esp32/include/esp_pm/include -IC:/.platformio/packages/framework-arduinoespressif32/tools/sdk/esp32/include/esp_ringbuf/include -IC:/.platformio/packages/framework-arduinoespressif32/tools/sdk/esp32/include/efuse/include -IC:/.platformio/packages/framework-arduinoespressif32/tools/sdk/esp32/include/efuse/esp32/include -IC:/.platformio/packages/framework-arduinoespressif32/tools/sdk/esp32/include/vfs/include -IC:/.platformio/packages/framework-arduinoespressif32/tools/sdk/esp32/include/esp_wifi/include -IC:/.platformio/packages/framework-arduinoespressif32/tools/sdk/esp32/include/esp_event/include -IC:/.platformio/packages/framework-arduinoespressif32/tools/sdk/esp32/include/esp_netif/include -IC:/.platformio/packages/framework-arduinoespressif32/tools/sdk/esp32/include/esp_eth/include -IC:/.platformio/packages/framework-arduinoespressif32/tools/sdk/esp32/include/tcpip_adapter/include -IC:/.platformio/packages/framework-arduinoespressif32/tools/sdk/esp32/include/esp_phy/include -IC:/.platformio/packages/framework-arduinoespressif32/tools/sdk/esp32/include/esp_phy/esp32/include -IC:/.platformio/packages/framework-arduinoespressif32/tools/sdk/esp32/include/esp_ipc/include -IC:/.platformio/packages/framework-arduinoespressif32/tools/sdk/esp32/include/app_trace/include -IC:/.platformio/packages/framework-arduinoespressif32/tools/sdk/esp32/include/esp_timer/include -IC:/.platformio/packages/framework-arduinoespressif32/tools/sdk/esp32/include/mbedtls/port/include -IC:/.platformio/packages/framework-arduinoespressif32/tools/sdk/esp32/include/mbedtls/mbedtls/include -IC:/.platformio/packages/framework-arduinoespressif32/tools/sdk/esp32/include/mbedtls/esp_crt_bundle/include -IC:/.platformio/packages/framework-arduinoespressif32/tools/sdk/esp32/include/app_update/include -IC:/.platformio/packages/framework-arduinoespressif32/tools/sdk/esp32/include/spi_flash/include -IC:/.platformio/packages/framework-arduinoespressif32/tools/sdk/esp32/include/bootloader_support/include -IC:/.platformio/packages/framework-arduinoespressif32/tools/sdk/esp32/include/nvs_flash/include -IC:/.platformio/packages/framework-arduinoespressif32/tools/sdk/esp32/include/pthread/include -IC:/.platformio/packages/framework-arduinoespressif32/tools/sdk/esp32/include/esp_gdbstub/include -IC:/.platformio/packages/framework-arduinoespressif32/tools/sdk/esp32/include/esp_gdbstub/xtensa -IC:/.platformio/packages/framework-arduinoespressif32/tools/sdk/esp32/include/esp_gdbstub/esp32 -IC:/.platformio/packages/framework-arduinoespressif32/tools/sdk/esp32/include/espcoredump/include -IC:/.platformio/packages/framework-arduinoespressif32/tools/sdk/esp32/include/espcoredump/include/port/xtensa -IC:/.platformio/packages/framework-arduinoespressif32/tools/sdk/esp32/include/wpa_supplicant/include -IC:/.platformio/packages/framework-arduinoespressif32/tools/sdk/esp32/include/wpa_supplicant/port/include -IC:/.platformio/packages/framework-arduinoespressif32/tools/sdk/esp32/include/wpa_supplicant/esp_supplicant/include -IC:/.platformio/packages/framework-arduinoespressif32/tools/sdk/esp32/include/ieee802154/include -IC:/.platformio/packages/framework-arduinoespressif32/tools/sdk/esp32/include/console -IC:/.platformio/packages/framework-arduinoespressif32/tools/sdk/esp32/include/asio/asio/asio/include -IC:/.platformio/packages/framework-arduinoespressif32/tools/sdk/esp32/include/asio/port/include -IC:/.platformio/packages/framework-arduinoespressif32/tools/sdk/esp32/include/bt/common/osi/include -IC:/.platformio/packages/framework-arduinoespressif32/tools/sdk/esp32/include/bt/include/esp32/include -IC:/.platformio/packages/framework-arduinoespressif32/tools/sdk/esp32/include/bt/common/api/include/api -IC:/.platformio/packages/framework-arduinoespressif32/tools/sdk/esp32/include/bt/common/btc/profile/esp/blufi/include -IC:/.platformio/packages/framework-arduinoespressif32/tools/sdk/esp32/include/bt/common/btc/profile/esp/include -IC:/.platformio/packages/framework-arduinoespressif32/tools/sdk/esp32/include/bt/host/bluedroid/api/include/api -IC:/.platformio/packages/framework-arduinoespressif32/tools/sdk/esp32/include/bt/esp_ble_mesh/mesh_common/include -IC:/.platformio/packages/framework-arduinoespressif32/tools/sdk/esp32/include/bt/esp_ble_mesh/mesh_common/tinycrypt/include -IC:/.platformio/packages/framework-arduinoespressif32/tools/sdk/esp32/include/bt/esp_ble_mesh/mesh_core -IC:/.platformio/packages/framework-arduinoespressif32/tools/sdk/esp32/include/bt/esp_ble_mesh/mesh_core/include -IC:/.platformio/packages/framework-arduinoespressif32/tools/sdk/esp32/include/bt/esp_ble_mesh/mesh_core/storage -IC:/.platformio/packages/framework-arduinoespressif32/tools/sdk/esp32/include/bt/esp_ble_mesh/btc/include -IC:/.platformio/packages/framework-arduinoespressif32/tools/sdk/esp32/include/bt/esp_ble_mesh/mesh_models/common/include -IC:/.platformio/packages/framework-arduinoespressif32/tools/sdk/esp32/include/bt/esp_ble_mesh/mesh_models/client/include -IC:/.platformio/packages/framework-arduinoespressif32/tools/sdk/esp32/include/bt/esp_ble_mesh/mesh_models/server/include -IC:/.platformio/packages/framework-arduinoespressif32/tools/sdk/esp32/include/bt/esp_ble_mesh/api/core/include -IC:/.platformio/packages/framework-arduinoespressif32/tools/sdk/esp32/include/bt/esp_ble_mesh/api/models/include -IC:/.platformio/packages/framework-arduinoespressif32/tools/sdk/esp32/include/bt/esp_ble_mesh/api -IC:/.platformio/packages/framework-arduinoespressif32/tools/sdk/esp32/include/cbor/port/include -IC:/.platformio/packages/framework-arduinoespressif32/tools/sdk/esp32/include/unity/include -IC:/.platformio/packages/framework-arduinoespressif32/tools/sdk/esp32/include/unity/unity/src -IC:/.platformio/packages/framework-arduinoespressif32/tools/sdk/esp32/include/cmock/CMock/src -IC:/.platformio/packages/framework-arduinoespressif32/tools/sdk/esp32/include/coap/port/include -IC:/.platformio/packages/framework-arduinoespressif32/tools/sdk/esp32/include/coap/libcoap/include -IC:/.platformio/packages/framework-arduinoespressif32/tools/sdk/esp32/include/nghttp/port/include -IC:/.platformio/packages/framework-arduinoespressif32/tools/sdk/esp32/include/nghttp/nghttp2/lib/includes -IC:/.platformio/packages/framework-arduinoespressif32/tools/sdk/esp32/include/esp-tls -IC:/.platformio/packages/framework-arduinoespressif32/tools/sdk/esp32/include/esp-tls/esp-tls-crypto -IC:/.platformio/packages/framework-arduinoespressif32/tools/sdk/esp32/include/esp_adc_cal/include -IC:/.platformio/packages/framework-arduinoespressif32/tools/sdk/esp32/include/esp_hid/include -IC:/.platformio/packages/framework-arduinoespressif32/tools/sdk/esp32/include/tcp_transport/include -IC:/.platformio/packages/framework-arduinoespressif32/tools/sdk/esp32/include/esp_http_client/include -IC:/.platformio/packages/framework-arduinoespressif32/tools/sdk/esp32/include/esp_http_server/include -IC:/.platformio/packages/framework-arduinoespressif32/tools/sdk/esp32/include/esp_https_ota/include -IC:/.platformio/packages/framework-arduinoespressif32/tools/sdk/esp32/include/esp_https_server/include -IC:/.platformio/packages/framework-arduinoespressif32/tools/sdk/esp32/include/esp_lcd/include -IC:/.platformio/packages/framework-arduinoespressif32/tools/sdk/esp32/include/esp_lcd/interface -IC:/.platformio/packages/framework-arduinoespressif32/tools/sdk/esp32/include/protobuf-c/protobuf-c -IC:/.platformio/packages/framework-arduinoespressif32/tools/sdk/esp32/include/protocomm/include/common -IC:/.platformio/packages/framework-arduinoespressif32/tools/sdk/esp32/include/protocomm/include/security -IC:/.platformio/packages/framework-arduinoespressif32/tools/sdk/esp32/include/protocomm/include/transports -IC:/.platformio/packages/framework-arduinoespressif32/tools/sdk/esp32/include/mdns/include -IC:/.platformio/packages/framework-arduinoespressif32/tools/sdk/esp32/include/esp_local_ctrl/include -IC:/.platformio/packages/framework-arduinoespressif32/tools/sdk/esp32/include/sdmmc/include -IC:/.platformio/packages/framework-arduinoespressif32/tools/sdk/esp32/include/esp_serial_slave_link/include -IC:/.platformio/packages/framework-arduinoespressif32/tools/sdk/esp32/include/esp_websocket_client/include -IC:/.platformio/packages/framework-arduinoespressif32/tools/sdk/esp32/include/expat/expat/expat/lib -IC:/.platformio/packages/framework-arduinoespressif32/tools/sdk/esp32/include/expat/port/include -IC:/.platformio/packages/framework-arduinoespressif32/tools/sdk/esp32/include/wear_levelling/include -IC:/.platformio/packages/framework-arduinoespressif32/tools/sdk/esp32/include/fatfs/diskio -IC:/.platformio/packages/framework-arduinoespressif32/tools/sdk/esp32/include/fatfs/vfs -IC:/.platformio/packages/framework-arduinoespressif32/tools/sdk/esp32/include/fatfs/src -IC:/.platformio/packages/framework-arduinoespressif32/tools/sdk/esp32/include/freemodbus/freemodbus/common/include -IC:/.platformio/packages/framework-arduinoespressif32/tools/sdk/esp32/include/idf_test/include -IC:/.platformio/packages/framework-arduinoespressif32/tools/sdk/esp32/include/idf_test/include/esp32 -IC:/.platformio/packages/framework-arduinoespressif32/tools/sdk/esp32/include/jsmn/include -IC:/.platformio/packages/framework-arduinoespressif32/tools/sdk/esp32/include/json/cJSON -IC:/.platformio/packages/framework-arduinoespressif32/tools/sdk/esp32/include/libsodium/libsodium/src/libsodium/include -IC:/.platformio/packages/framework-arduinoespressif32/tools/sdk/esp32/include/libsodium/port_include -IC:/.platformio/packages/framework-arduinoespressif32/tools/sdk/esp32/include/mqtt/esp-mqtt/include -IC:/.platformio/packages/framework-arduinoespressif32/tools/sdk/esp32/include/openssl/include -IC:/.platformio/packages/framework-arduinoespressif32/tools/sdk/esp32/include/perfmon/include -IC:/.platformio/packages/framework-arduinoespressif32/tools/sdk/esp32/include/spiffs/include -IC:/.platformio/packages/framework-arduinoespressif32/tools/sdk/esp32/include/ulp/include -IC:/.platformio/packages/framework-arduinoespressif32/tools/sdk/esp32/include/wifi_provisioning/include -IC:/.platformio/packages/framework-arduinoespressif32/tools/sdk/esp32/include/rmaker_common/include -IC:/.platformio/packages/framework-arduinoespressif32/tools/sdk/esp32/include/esp_diagnostics/include -IC:/.platformio/packages/framework-arduinoespressif32/tools/sdk/esp32/include/rtc_store/include -IC:/.platformio/packages/framework-arduinoespressif32/tools/sdk/esp32/include/esp_insights/include -IC:/.platformio/packages/framework-arduinoespressif32/tools/sdk/esp32/include/json_parser/upstream/include -IC:/.platformio/packages/framework-arduinoespressif32/tools/sdk/esp32/include/json_parser/upstream -IC:/.platformio/packages/framework-arduinoespressif32/tools/sdk/esp32/include/json_generator/upstream -IC:/.platformio/packages/framework-arduinoespressif32/tools/sdk/esp32/include/esp_schedule/include -IC:/.platformio/packages/framework-arduinoespressif32/tools/sdk/esp32/include/espressif__esp_secure_cert_mgr/include -IC:/.platformio/packages/framework-arduinoespressif32/tools/sdk/esp32/include/esp_rainmaker/include -IC:/.platformio/packages/framework-arduinoespressif32/tools/sdk/esp32/include/gpio_button/button/include -IC:/.platformio/packages/framework-arduinoespressif32/tools/sdk/esp32/include/qrcode/include -IC:/.platformio/packages/framework-arduinoespressif32/tools/sdk/esp32/include/ws2812_led -IC:/.platformio/packages/framework-arduinoespressif32/tools/sdk/esp32/include/esp_littlefs/include -IC:/.platformio/packages/framework-arduinoespressif32/tools/sdk/esp32/include/esp-dl/include -IC:/.platformio/packages/framework-arduinoespressif32/tools/sdk/esp32/include/esp-dl/include/tool -IC:/.platformio/packages/framework-arduinoespressif32/tools/sdk/esp32/include/esp-dl/include/typedef -IC:/.platformio/packages/framework-arduinoespressif32/tools/sdk/esp32/include/esp-dl/include/image -IC:/.platformio/packages/framework-arduinoespressif32/tools/sdk/esp32/include/esp-dl/include/math -IC:/.platformio/packages/framework-arduinoespressif32/tools/sdk/esp32/include/esp-dl/include/nn -IC:/.platformio/packages/framework-arduinoespressif32/tools/sdk/esp32/include/esp-dl/include/layer -IC:/.platformio/packages/framework-arduinoespressif32/tools/sdk/esp32/include/esp-dl/include/detect -IC:/.platformio/packages/framework-arduinoespressif32/tools/sdk/esp32/include/esp-dl/include/model_zoo -IC:/.platformio/packages/framework-arduinoespressif32/tools/sdk/esp32/include/esp32-camera/driver/include -IC:/.platformio/packages/framework-arduinoespressif32/tools/sdk/esp32/include/esp32-camera/conversions/include -IC:/.platformio/packages/framework-arduinoespressif32/tools/sdk/esp32/include/espressif__esp-dsp/modules/dotprod/include -IC:/.platformio/packages/framework-arduinoespressif32/tools/sdk/esp32/include/espressif__esp-dsp/modules/support/include -IC:/.platformio/packages/framework-arduinoespressif32/tools/sdk/esp32/include/espressif__esp-dsp/modules/support/mem/include -IC:/.platformio/packages/framework-arduinoespressif32/tools/sdk/esp32/include/espressif__esp-dsp/modules/windows/include -IC:/.platformio/packages/framework-arduinoespressif32/tools/sdk/esp32/include/espressif__esp-dsp/modules/windows/hann/include -IC:/.platformio/packages/framework-arduinoespressif32/tools/sdk/esp32/include/espressif__esp-dsp/modules/windows/blackman/include -IC:/.platformio/packages/framework-arduinoespressif32/tools/sdk/esp32/include/espressif__esp-dsp/modules/windows/blackman_harris/include -IC:/.platformio/packages/framework-arduinoespressif32/tools/sdk/esp32/include/espressif__esp-dsp/modules/windows/blackman_nuttall/include -IC:/.platformio/packages/framework-arduinoespressif32/tools/sdk/esp32/include/espressif__esp-dsp/modules/windows/nuttall/include -IC:/.platformio/packages/framework-arduinoespressif32/tools/sdk/esp32/include/espressif__esp-dsp/modules/windows/flat_top/include -IC:/.platformio/packages/framework-arduinoespressif32/tools/sdk/esp32/include/espressif__esp-dsp/modules/iir/include -IC:/.platformio/packages/framework-arduinoespressif32/tools/sdk/esp32/include/espressif__esp-dsp/modules/fir/include -IC:/.platformio/packages/framework-arduinoespressif32/tools/sdk/esp32/include/espressif__esp-dsp/modules/math/include -IC:/.platformio/packages/framework-arduinoespressif32/tools/sdk/esp32/include/espressif__esp-dsp/modules/math/add/include -IC:/.platformio/packages/framework-arduinoespressif32/tools/sdk/esp32/include/espressif__esp-dsp/modules/math/sub/include -IC:/.platformio/packages/framework-arduinoespressif32/tools/sdk/esp32/include/espressif__esp-dsp/modules/math/mul/include -IC:/.platformio/packages/framework-arduinoespressif32/tools/sdk/esp32/include/espressif__esp-dsp/modules/math/addc/include -IC:/.platformio/packages/framework-arduinoespressif32/tools/sdk/esp32/include/espressif__esp-dsp/modules/math/mulc/include -IC:/.platformio/packages/framework-arduinoespressif32/tools/sdk/esp32/include/espressif__esp-dsp/modules/math/sqrt/include -IC:/.platformio/packages/framework-arduinoespressif32/tools/sdk/esp32/include/espressif__esp-dsp/modules/matrix/mul/include -IC:/.platformio/packages/framework-arduinoespressif32/tools/sdk/esp32/include/espressif__esp-dsp/modules/matrix/add/include -IC:/.platformio/packages/framework-arduinoespressif32/tools/sdk/esp32/include/espressif__esp-dsp/modules/matrix/addc/include -IC:/.platformio/packages/framework-arduinoespressif32/tools/sdk/esp32/include/espressif__esp-dsp/modules/matrix/mulc/include -IC:/.platformio/packages/framework-arduinoespressif32/tools/sdk/esp32/include/espressif__esp-dsp/modules/matrix/sub/include -IC:/.platformio/packages/framework-arduinoespressif32/tools/sdk/esp32/include/espressif__esp-dsp/modules/matrix/include -IC:/.platformio/packages/framework-arduinoespressif32/tools/sdk/esp32/include/espressif__esp-dsp/modules/fft/include -IC:/.platformio/packages/framework-arduinoespressif32/tools/sdk/esp32/include/espressif__esp-dsp/modules/dct/include -IC:/.platformio/packages/framework-arduinoespressif32/tools/sdk/esp32/include/espressif__esp-dsp/modules/conv/include -IC:/.platformio/packages/framework-arduinoespressif32/tools/sdk/esp32/include/espressif__esp-dsp/modules/common/include -IC:/.platformio/packages/framework-arduinoespressif32/tools/sdk/esp32/include/espressif__esp-dsp/modules/matrix/mul/test/include -IC:/.platformio/packages/framework-arduinoespressif32/tools/sdk/esp32/include/espressif__esp-dsp/modules/kalman/ekf/include -IC:/.platformio/packages/framework-arduinoespressif32/tools/sdk/esp32/include/espressif__esp-dsp/modules/kalman/ekf_imu13states/include -IC:/.platformio/packages/framework-arduinoespressif32/tools/sdk/esp32/include/fb_gfx/include -IC:/.platformio/packages/framework-arduinoespressif32/tools/sdk/esp32/qio_qspi/include -IC:/.platformio/packages/framework-arduinoespressif32/cores/esp32 -IC:/.platformio/packages/framework-arduinoespressif32/variants/m5stack_core_esp32 src/main.cpp
xtensa-esp32-elf-g++ "@C:\gemini\Simple Temperature Evaluation Tool\.pio\build\m5stack\tmprm1jd89s.tmp"
C:\.platformio\penv\Scripts\platformio.exe : src/Tasks.cpp: In function 'void L
ogic_Task()':
発生場所 行:1 文字:53
+ ... ion Tool" ; C:\.platformio\penv\Scripts\platformio.exe run -e m5stack ...
+                 ~~~~~~~~~~~~~~~~~~~~~~~~~~~~~~~~~~~~~~~~~~~~~~~~~~~~~~~~~
    + CategoryInfo          : NotSpecified: (src/Tasks.cpp: ... Logic_Task()': 
   :String) [], RemoteException
    + FullyQualifiedErrorId : NativeCommandError
 
src/Tasks.cpp:60:29: error: 'FLT_MAX' was not declared in this scope
         G.D_Max          = -FLT_MAX;  // Phase 2: 最大値を最小に初期化
                             ^~~~~~~
src/Tasks.cpp:60:29: note: suggested alternative: 'INT_MAX'
         G.D_Max          = -FLT_MAX;  // Phase 2: 最大値を最小に初期化
                             ^~~~~~~
                             INT_MAX
*** [.pio\build\m5stack\src\Tasks.cpp.o] Error 1
========================= [FAILED] Took 47.40 seconds =========================

Environment    Status    Duration
-------------  --------  ------------
m5stack        FAILED    00:00:47.397
native         IGNORED
==================== 1 failed, 0 succeeded in 00:00:47.397 ====================
